GowinSynthesis start
Running parser ...
ERROR (EX5998) : Cannot open Verilog file 'C:\Electronics\GitHubProjects\tangnano20k_dev\00_ip\sdram-tang-nano-20k\src\sdram.v'
ERROR (EX5998) : Cannot open Verilog file 'C:\Electronics\GitHubProjects\tangnano20k_dev\01_src\embedded_sdram\sdram_open_byte_ctrl.sv'
ERROR (EX5998) : Cannot open Verilog file 'C:\Electronics\GitHubProjects\tangnano20k_dev\01_src\embedded_sdram\sdram_open_word_ctrl.sv'
Analyzing Verilog file 'C:\Electronics\GitHubProjects\tangnano20k_dev\00_ip\gowin_pll\gowin_pll.v'
Analyzing Verilog file 'C:\Electronics\GitHubProjects\tangnano20k_dev\01_src\embedded_sdram\sdram_uart_proto_pkg.sv'
Analyzing Verilog file 'C:\Electronics\GitHubProjects\tangnano20k_dev\01_src\embedded_sdram\sdram_emb_hostif_ctrl.sv'
Analyzing Verilog file 'C:\Electronics\GitHubProjects\tangnano20k_dev\01_src\embedded_sdram\sdram_memtest_ctrl.sv'
Analyzing Verilog file 'C:\Electronics\GitHubProjects\tangnano20k_dev\01_src\embedded_sdram\sdram_uart_ascii_ctrl.sv'
Analyzing Verilog file 'C:\Electronics\GitHubProjects\tangnano20k_dev\01_src\embedded_sdram\sdram_uart_bridge_ctrl.sv'
Analyzing Verilog file 'C:\Electronics\GitHubProjects\tangnano20k_dev\01_src\embedded_sdram\sdram_emb_hostif.sv'
Analyzing Verilog file 'C:\Electronics\GitHubProjects\tangnano20k_dev\01_src\reset_mng.sv'
Analyzing Verilog file 'C:\Electronics\GitHubProjects\tangnano20k_dev\01_src\sync_fifo_ae_af.sv'
Analyzing Verilog file 'C:\Electronics\GitHubProjects\tangnano20k_dev\01_src\tangnano20k_top.sv'
Analyzing included file 'C:\Electronics\GitHubProjects\tangnano20k_dev\01_src\uart_log_cli\uart_log_src_async_bridge.sv'("C:\Electronics\GitHubProjects\tangnano20k_dev\01_src\tangnano20k_top.sv":5)
Back to file 'C:\Electronics\GitHubProjects\tangnano20k_dev\01_src\tangnano20k_top.sv'("C:\Electronics\GitHubProjects\tangnano20k_dev\01_src\tangnano20k_top.sv":5)
Analyzing included file 'C:\Electronics\GitHubProjects\tangnano20k_dev\01_src\uart_log_cli\uart_log_cli_byte_async_bridge.sv'("C:\Electronics\GitHubProjects\tangnano20k_dev\01_src\tangnano20k_top.sv":6)
Back to file 'C:\Electronics\GitHubProjects\tangnano20k_dev\01_src\tangnano20k_top.sv'("C:\Electronics\GitHubProjects\tangnano20k_dev\01_src\tangnano20k_top.sv":6)
Analyzing Verilog file 'C:\Electronics\GitHubProjects\tangnano20k_dev\01_src\uart_lite\uart_rx_stream.sv'
Analyzing Verilog file 'C:\Electronics\GitHubProjects\tangnano20k_dev\01_src\uart_lite\uart_tx_stream.sv'
Analyzing Verilog file 'C:\Electronics\GitHubProjects\tangnano20k_dev\01_src\uart_log_cli\uart_log_cli_pkg.sv'
Analyzing Verilog file 'C:\Electronics\GitHubProjects\tangnano20k_dev\01_src\uart_log_cli\uart_log_cli.sv'
Analyzing Verilog file 'C:\Electronics\GitHubProjects\tangnano20k_dev\01_src\uart_log_cli\uart_log_cli_byte_async_bridge.sv'
Analyzing Verilog file 'C:\Electronics\GitHubProjects\tangnano20k_dev\01_src\uart_log_cli\uart_log_cli_evt_fifo.sv'
Analyzing Verilog file 'C:\Electronics\GitHubProjects\tangnano20k_dev\01_src\uart_log_cli\uart_log_src_async_bridge.sv'
Analyzing Verilog file 'C:\Electronics\GitHubProjects\tangnano20k_dev\01_src\uart_log_cli\uart_log_tap.sv'
Analyzing Verilog file 'C:\Electronics\GitHubProjects\tangnano20k_dev\01_src\uart_log_cli\uart_log_testsrc1.sv'
GowinSynthesis finish
