# vsim -c work.testbench -voptargs="+acc" "+TB_LOG_LEVEL=4" -do "run -all; quit -code 0" -l sim.log 
# Start time: 14:00:40 on Apr 11,2026
# //  ModelSim - Lattice FPGA Edition 2023.3 Jul 18 2023
# //
# //  Copyright 1991-2023 Mentor Graphics Corporation
# //  All Rights Reserved.
# //
# //  ModelSim - Lattice FPGA Edition and its associated documentation contain trade
# //  secrets and commercial or financial information that are the property of
# //  Mentor Graphics Corporation and are privileged, confidential,
# //  and exempt from disclosure under the Freedom of Information Act,
# //  5 U.S.C. Section 552. Furthermore, this information
# //  is prohibited from disclosure under the Trade Secrets Act,
# //  18 U.S.C. Section 1905.
# //
# Loading sv_std.std
# Loading work.sdram_uart_proto_pkg
# Loading work.tb_log_pkg
# Loading work.testbench
# Loading work.sdram_uart_access_engine
# run -all
# [115.000 ns][INFO ][ACCESS ENG TB] case: single write
# [135.000 ns][DEBUG][SDRAM ACCESS ENG] accept_req type=WRITE addr=0x00030 data=0x89abcdef init_done=1 busy_n=1 cache_hit=0
# [145.000 ns][DEBUG][ACCESS ENG TB] accept_write addr=0x00030 len=1 data=0x89abcdef
# [165.000 ns][DEBUG][SDRAM ACCESS ENG] write_done addr=0x00030 data=0x89abcdef
# [175.000 ns][INFO ][ACCESS ENG TB] response ok: single write
# [185.000 ns][INFO ][ACCESS ENG TB] case: read miss refill
# [205.000 ns][DEBUG][SDRAM ACCESS ENG] accept_req type= READ addr=0x00030 data=0x00000000 init_done=1 busy_n=1 cache_hit=0
# [215.000 ns][DEBUG][ACCESS ENG TB] accept_read addr=0x00030 len=26 count=1
# [235.000 ns][DEBUG][SDRAM ACCESS ENG] read_burst_beat base=0x00030 beat=0 data=0x89abcdef
# [245.000 ns][DEBUG][SDRAM ACCESS ENG] read_burst_beat base=0x00030 beat=1 data=0x10000031
# [255.000 ns][DEBUG][SDRAM ACCESS ENG] read_burst_beat base=0x00030 beat=2 data=0x10000032
# [265.000 ns][DEBUG][SDRAM ACCESS ENG] read_burst_beat base=0x00030 beat=3 data=0x10000033
# [275.000 ns][DEBUG][SDRAM ACCESS ENG] read_burst_beat base=0x00030 beat=4 data=0x10000034
# [285.000 ns][DEBUG][SDRAM ACCESS ENG] read_burst_beat base=0x00030 beat=5 data=0x10000035
# [295.000 ns][DEBUG][SDRAM ACCESS ENG] read_burst_beat base=0x00030 beat=6 data=0x10000036
# [305.000 ns][DEBUG][SDRAM ACCESS ENG] read_burst_beat base=0x00030 beat=7 data=0x10000037
# [315.000 ns][DEBUG][SDRAM ACCESS ENG] read_burst_beat base=0x00030 beat=8 data=0x10000038
# [325.000 ns][DEBUG][SDRAM ACCESS ENG] read_burst_beat base=0x00030 beat=9 data=0x10000039
# [335.000 ns][DEBUG][SDRAM ACCESS ENG] read_burst_beat base=0x00030 beat=10 data=0x1000003a
# [345.000 ns][DEBUG][SDRAM ACCESS ENG] read_burst_beat base=0x00030 beat=11 data=0x1000003b
# [355.000 ns][DEBUG][SDRAM ACCESS ENG] read_burst_beat base=0x00030 beat=12 data=0x1000003c
# [365.000 ns][DEBUG][SDRAM ACCESS ENG] read_burst_beat base=0x00030 beat=13 data=0x1000003d
# [375.000 ns][DEBUG][SDRAM ACCESS ENG] read_burst_beat base=0x00030 beat=14 data=0x1000003e
# [385.000 ns][DEBUG][SDRAM ACCESS ENG] read_burst_beat base=0x00030 beat=15 data=0x1000003f
# [395.000 ns][DEBUG][SDRAM ACCESS ENG] read_burst_beat base=0x00030 beat=16 data=0x10000040
# [405.000 ns][DEBUG][SDRAM ACCESS ENG] read_burst_beat base=0x00030 beat=17 data=0x10000041
# [415.000 ns][DEBUG][SDRAM ACCESS ENG] read_burst_beat base=0x00030 beat=18 data=0x10000042
# [425.000 ns][DEBUG][SDRAM ACCESS ENG] read_burst_beat base=0x00030 beat=19 data=0x10000043
# [435.000 ns][DEBUG][SDRAM ACCESS ENG] read_burst_beat base=0x00030 beat=20 data=0x10000044
# [445.000 ns][DEBUG][SDRAM ACCESS ENG] read_burst_beat base=0x00030 beat=21 data=0x10000045
# [455.000 ns][DEBUG][SDRAM ACCESS ENG] read_burst_beat base=0x00030 beat=22 data=0x10000046
# [465.000 ns][DEBUG][SDRAM ACCESS ENG] read_burst_beat base=0x00030 beat=23 data=0x10000047
# [475.000 ns][DEBUG][SDRAM ACCESS ENG] read_burst_beat base=0x00030 beat=24 data=0x10000048
# [485.000 ns][DEBUG][SDRAM ACCESS ENG] read_burst_beat base=0x00030 beat=25 data=0x10000049
# [495.000 ns][DEBUG][SDRAM ACCESS ENG] read_burst_done base=0x00030 words=26 first=0x89abcdef
# [505.000 ns][INFO ][ACCESS ENG TB] response ok: read miss
# [515.000 ns][INFO ][ACCESS ENG TB] case: cache hit
# [535.000 ns][DEBUG][SDRAM ACCESS ENG] accept_req type= READ addr=0x00031 data=0x00000000 init_done=1 busy_n=1 cache_hit=1
# [535.000 ns][DEBUG][SDRAM ACCESS ENG] cache_hit addr=0x00031 index=1 data=0x10000031 base=0x00030
# [545.000 ns][INFO ][ACCESS ENG TB] response ok: cache hit next word
# [555.000 ns][INFO ][ACCESS ENG TB] case: write timeout
# [575.000 ns][DEBUG][SDRAM ACCESS ENG] accept_req type=WRITE addr=0x00040 data=0x12345678 init_done=1 busy_n=1 cache_hit=0
# [585.000 ns][DEBUG][ACCESS ENG TB] accept_write addr=0x00040 len=1 data=0x12345678
# [1225.000 ns][DEBUG][SDRAM ACCESS ENG] write_timeout addr=0x00040 ack_seen=1 busy_n=0
# [1235.000 ns][INFO ][ACCESS ENG TB] response ok: write timeout
# [1245.000 ns][INFO ][ACCESS ENG TB] case: read timeout
# [1265.000 ns][DEBUG][SDRAM ACCESS ENG] accept_req type= READ addr=0x00050 data=0x00000000 init_done=1 busy_n=1 cache_hit=0
# [1275.000 ns][DEBUG][ACCESS ENG TB] accept_read addr=0x00050 len=26 count=2
# [1915.000 ns][DEBUG][SDRAM ACCESS ENG] read_burst_timeout base=0x00050 count=0 busy_n=0 rd_valid=0
# [1925.000 ns][INFO ][ACCESS ENG TB] response ok: read timeout
# [1935.000 ns][INFO ][ACCESS ENG TB] sdram_uart_access_engine smoke test passed
# ** Note: $finish    : C:/Electronics/GitHubProjects/tangnano20k_dev/03_sim/09_sdram_uart_access_engine/testcase_smoke.svh(34)
#    Time: 1935 ns  Iteration: 1  Instance: /testbench
# End time: 14:00:40 on Apr 11,2026, Elapsed time: 0:00:00
# Errors: 0, Warnings: 0
